 phase  | users | dir | guard_triggers | guard_functions 
--------+-------+-----+----------------+-----------------
 before |    10 |   0 |              0 |               0
(1 row)

              set_config              
--------------------------------------
 b3800000-0000-0000-0000-000000000001
(1 row)

                              set_config                               
-----------------------------------------------------------------------
 {"sub":"b3800000-0000-0000-0000-000000000001","role":"authenticated"}
(1 row)

              set_config              
--------------------------------------
 b3800000-0000-0000-0000-000000000001
(1 row)

                              set_config                               
-----------------------------------------------------------------------
 {"sub":"b3800000-0000-0000-0000-000000000001","role":"authenticated"}
(1 row)

              set_config              
--------------------------------------
 b3800000-0000-0000-0000-000000000001
(1 row)

                              set_config                               
-----------------------------------------------------------------------
 {"sub":"b3800000-0000-0000-0000-000000000001","role":"authenticated"}
(1 row)

              set_config              
--------------------------------------
 b3800000-0000-0000-0000-000000000001
(1 row)

                              set_config                               
-----------------------------------------------------------------------
 {"sub":"b3800000-0000-0000-0000-000000000001","role":"authenticated"}
(1 row)

              set_config              
--------------------------------------
 b3800000-0000-0000-0000-000000000001
(1 row)

                              set_config                               
-----------------------------------------------------------------------
 {"sub":"b3800000-0000-0000-0000-000000000001","role":"authenticated"}
(1 row)

              set_config              
--------------------------------------
 b3800000-0000-0000-0000-000000000002
(1 row)

                              set_config                               
-----------------------------------------------------------------------
 {"sub":"b3800000-0000-0000-0000-000000000002","role":"authenticated"}
(1 row)

              set_config              
--------------------------------------
 b3800000-0000-0000-0000-000000000002
(1 row)

                              set_config                               
-----------------------------------------------------------------------
 {"sub":"b3800000-0000-0000-0000-000000000002","role":"authenticated"}
(1 row)

              set_config              
--------------------------------------
 b3800000-0000-0000-0000-000000000004
(1 row)

                              set_config                               
-----------------------------------------------------------------------
 {"sub":"b3800000-0000-0000-0000-000000000004","role":"authenticated"}
(1 row)

              set_config              
--------------------------------------
 b3800000-0000-0000-0000-000000000001
(1 row)

                              set_config                               
-----------------------------------------------------------------------
 {"sub":"b3800000-0000-0000-0000-000000000001","role":"authenticated"}
(1 row)

                                      step                                       | pass |                            detail                            
---------------------------------------------------------------------------------+------+--------------------------------------------------------------
 B0 BASELINE (no guard): direct write accepted, defect reproduced                | t    | 2000-01-01 00:00:00+00 -> 2099-01-01 00:00:00+00
 R1 rollback restores grants and stamping trigger                                | t    | grants + stamp def
 R2 after rollback: original behaviour back (direct write accepted)              | t    | 2000-01-01 00:00:00+00 -> 2099-01-01 00:00:00+00
 T1 owner direct write ignored                                                   | t    | 2000-01-01 00:00:00+00 -> 2000-01-01 00:00:00+00
 T10 INSERT (postgres) supplying version stores NULL                             | t    | n/a -> null
 T11 INSERT (client role, local gate open) stores NULL; rolled back to savepoint | t    | null
 T2 neighbouring field updates; version unchanged                                | t    | 2000-01-01 00:00:00+00 -> b38 renamed 2000-01-01 00:00:00+00
 T3 client upsert carrying version: name applied, version kept                   | t    | 2000-01-01 00:00:00+00 -> b38 upsert 2000-01-01 00:00:00+00
 T4 real avatar_key change re-stamps                                             | t    | 2000-01-01 00:00:00+00 -> 2026-09-20 06:36:02.735006+00
 T5 same-value avatar_key PATCH re-stamps                                        | t    | 2000-01-01 00:00:00+00 -> 2026-09-20 06:36:02.735006+00
 T6 privileged (postgres) direct write also discarded                            | t    | 2000-01-01 00:00:00+00 -> 2000-01-01 00:00:00+00
 T7 key + version together: stamp wins                                           | t    | 2000-01-01 00:00:00+00 -> 2026-09-20 06:36:02.735006+00
 T8 cleanup writer clears avatar_key: re-stamps                                  | t    | 2000-01-01 00:00:00+00 -> 2026-09-20 06:36:02.735006+00
 T9 entitled_until write: still derived; version unchanged                       | t    | 2000-01-01 00:00:00+00 -> null 2000-01-01 00:00:00+00
(14 rows)

    verdict    
---------------
 ALL PASS (14)
(1 row)

 phase | users | dir | guard_triggers | guard_functions | synthetic_left 
-------+-------+-----+----------------+-----------------+----------------
 after |    10 |   0 |              0 |               0 |              0
(1 row)

