Capturing local structural snapshot...
Connecting to local database...
Connecting to local database...
Connecting to local database...
Connecting to local database...
Connecting to local database...
Connecting to local database...
Connecting to local database...
Connecting to local database...
Connecting to local database...
Connecting to local database...

B-23 fidelity gate — local baseline vs supabase/schema/

  functions          IDENTICAL
  policies           IDENTICAL
  rls_enabled        IDENTICAL
  triggers           IDENTICAL
  constraints        DIFFERS  (1 approved catalog-serialization exception, verified)
  columns            IDENTICAL
  function_grants    IDENTICAL
  table_grants       IDENTICAL
  column_grants      IDENTICAL
  storage_buckets    IDENTICAL

GATE MET, with 1 approved and mechanically verified exception:
  - constraints account_directory/account_id_format (catalog-serialization)
    Logically identical. AND is associative; production stores a left-nested two-way AND, local a flat three-way AND. No query, constraint check or error message can distinguish them.

This is NOT production verification — see supabase/README.md.
