Capturing local structural snapshot...
Connecting to local database...
Connecting to local database...
Connecting to local database...
Connecting to local database...
Connecting to local database...
Connecting to local database...
Connecting to local database...
Connecting to local database...
Connecting to local database...
Connecting to local database...

B-23 fidelity gate — local baseline vs supabase/schema/

  functions          DIFFERS
  policies           IDENTICAL
  rls_enabled        IDENTICAL
  triggers           IDENTICAL
  constraints        DIFFERS  (1 approved catalog-serialization exception, verified)
  columns            IDENTICAL
  function_grants    IDENTICAL
  table_grants       IDENTICAL
  column_grants      IDENTICAL
  storage_buckets    DIFFERS

GATE NOT MET — 8 problems:
  - functions account_privacy_requests_open: UNAPPROVED difference in definition
  - functions account_privacy_self_v1: UNAPPROVED difference in definition
  - functions account_privacy_upsert_v1: UNAPPROVED difference in definition
  - functions connected_member: UNAPPROVED difference in definition
  - functions membership_entitled_until: UNAPPROVED difference in definition
  - constraints connected_attachments/connected_attachments_list_metadata: present in production, absent locally
  - constraints connected_attachments/connected_attachments_supported_mime_types: UNAPPROVED difference in definition
  - storage_buckets attachments: UNAPPROVED difference in allowed_mime_types
